69.53.237.65 - - [19/Mar/2012:11:01:16 -0700] "GET / HTTP/1.1" 200 3684 "-" "Mozilla/5.0 (Macintosh; Intel Mac OS X 10.7; rv:10.0.2) Gecko/20100101 Firefox/10.0.2"
69.53.237.65 - - [19/Mar/2012:11:01:19 -0700] "GET /favicon.ico HTTP/1.1" 200 275 "-" "Mozilla/5.0 (Macintosh; Intel Mac OS X 10.7; rv:10.0.2) Gecko/20100101 Firefox/10.0.2"
123.125.71.85 - - [19/Mar/2012:12:01:53 -0700] "GET /robots.txt HTTP/1.1" 200 454 "-" "Mozilla/5.0 (compatible; Baiduspider/2.0; +http://www.baidu.com/search/spider.html)"
180.76.5.173 - - [19/Mar/2012:16:53:19 -0700] "GET / HTTP/1.1" 200 3647 "-" "Mozilla/5.0 (compatible; Baiduspider/2.0; +http://www.baidu.com/search/spider.html)"
78.137.161.186 - - [19/Mar/2012:22:56:17 -0700] "GET /muieblackcat HTTP/1.1" 404 881 "" ""
78.137.161.186 - - [19/Mar/2012:22:56:20 -0700] "GET //index.php HTTP/1.1" 404 881 "" ""
78.137.161.186 - - [19/Mar/2012:22:56:20 -0700] "GET //admin/index.php HTTP/1.1" 404 881 "" ""
78.137.161.186 - - [19/Mar/2012:22:56:20 -0700] "GET //admin/pma/index.php HTTP/1.1" 302 731 "" ""
78.137.161.186 - - [19/Mar/2012:22:56:21 -0700] "GET //admin/phpmyadmin/index.php HTTP/1.1" 302 729 "" ""
78.137.161.186 - - [19/Mar/2012:22:56:21 -0700] "GET //db/index.php HTTP/1.1" 404 881 "" ""
78.137.161.186 - - [19/Mar/2012:22:56:22 -0700] "GET //dbadmin/index.php HTTP/1.1" 404 881 "" ""
78.137.161.186 - - [19/Mar/2012:22:56:22 -0700] "GET //myadmin/index.php HTTP/1.1" 404 881 "" ""
78.137.161.186 - - [19/Mar/2012:22:56:22 -0700] "GET //mysql/index.php HTTP/1.1" 404 881 "" ""
78.137.161.186 - - [19/Mar/2012:22:56:23 -0700] "GET //mysqladmin/index.php HTTP/1.1" 404 881 "" ""
78.137.161.186 - - [19/Mar/2012:22:56:23 -0700] "GET //typo3/phpmyadmin/index.php HTTP/1.1" 404 881 "" ""
78.137.161.186 - - [19/Mar/2012:22:56:23 -0700] "GET //phpadmin/index.php HTTP/1.1" 404 881 "" ""
78.137.161.186 - - [19/Mar/2012:22:56:24 -0700] "GET //phpMyAdmin/index.php HTTP/1.1" 404 881 "" ""
78.137.161.186 - - [19/Mar/2012:22:56:24 -0700] "GET //phpmyadmin/index.php HTTP/1.1" 404 881 "" ""
78.137.161.186 - - [19/Mar/2012:22:56:24 -0700] "GET //phpmyadmin1/index.php HTTP/1.1" 404 881 "" ""
78.137.161.186 - - [19/Mar/2012:22:56:25 -0700] "GET //phpmyadmin2/index.php HTTP/1.1" 404 881 "" ""
95.108.150.235 - - [19/Mar/2012:02:51:50 -0700] "GET / HTTP/1.1" 200 3683 "-" "Mozilla/5.0 (compatible; YandexBot/3.0; +http://yandex.com/bots)"
95.108.150.235 - - [19/Mar/2012:02:51:54 -0700] "GET / HTTP/1.1" 200 3681 "-" "Mozilla/5.0 (compatible; YandexBot/3.0; +http://yandex.com/bots)"
95.108.150.235 - - [19/Mar/2012:06:04:35 -0700] "GET /robots.txt HTTP/1.1" 200 504 "-" "Mozilla/5.0 (compatible; YandexBot/3.0; +http://yandex.com/bots)"
95.108.150.235 - - [19/Mar/2012:06:04:34 -0700] "GET /robots.txt HTTP/1.1" 200 504 "-" "Mozilla/5.0 (compatible; YandexBot/3.0; +http://yandex.com/bots)"
95.108.150.235 - - [19/Mar/2012:06:04:35 -0700] "GET / HTTP/1.1" 200 3683 "-" "Mozilla/5.0 (compatible; YandexBot/3.0; +http://yandex.com/bots)"
95.108.150.235 - - [19/Mar/2012:06:04:39 -0700] "GET / HTTP/1.1" 200 3681 "-" "Mozilla/5.0 (compatible; YandexBot/3.0; +http://yandex.com/bots)"
95.108.150.235 - - [19/Mar/2012:06:04:35 -0700] "GET / HTTP/1.1" 200 3683 "-" "Mozilla/5.0 (compatible; YandexBot/3.0; +http://yandex.com/bots)"
95.108.150.235 - - [19/Mar/2012:06:04:40 -0700] "GET / HTTP/1.1" 200 3681 "-" "Mozilla/5.0 (compatible; YandexBot/3.0; +http://yandex.com/bots)"
69.53.237.65 - - [19/Mar/2012:11:01:16 -0700] "GET / HTTP/1.1" 200 3684 "-" "Mozilla/5.0 (Macintosh; Intel Mac OS X 10.7; rv:10.0.2) Gecko/20100101 Firefox/10.0.2"
69.53.237.65 - - [19/Mar/2012:11:01:19 -0700] "GET /favicon.ico HTTP/1.1" 200 275 "-" "Mozilla/5.0 (Macintosh; Intel Mac OS X 10.7; rv:10.0.2) Gecko/20100101 Firefox/10.0.2"
123.125.71.85 - - [19/Mar/2012:12:01:53 -0700] "GET /robots.txt HTTP/1.1" 200 454 "-" "Mozilla/5.0 (compatible; Baiduspider/2.0; +http://www.baidu.com/search/spider.html)"
180.76.5.173 - - [19/Mar/2012:16:53:19 -0700] "GET / HTTP/1.1" 200 3647 "-" "Mozilla/5.0 (compatible; Baiduspider/2.0; +http://www.baidu.com/search/spider.html)"
78.137.161.186 - - [19/Mar/2012:22:56:17 -0700] "GET /muieblackcat HTTP/1.1" 404 881 "" ""
78.137.161.186 - - [19/Mar/2012:22:56:20 -0700] "GET //index.php HTTP/1.1" 404 881 "" ""
78.137.161.186 - - [19/Mar/2012:22:56:20 -0700] "GET //admin/index.php HTTP/1.1" 404 881 "" ""
78.137.161.186 - - [19/Mar/2012:22:56:20 -0700] "GET //admin/pma/index.php HTTP/1.1" 302 731 "" ""
78.137.161.186 - - [19/Mar/2012:22:56:21 -0700] "GET //admin/phpmyadmin/index.php HTTP/1.1" 302 729 "" ""
78.137.161.186 - - [19/Mar/2012:22:56:21 -0700] "GET //db/index.php HTTP/1.1" 404 881 "" ""
78.137.161.186 - - [19/Mar/2012:22:56:22 -0700] "GET //dbadmin/index.php HTTP/1.1" 404 881 "" ""
78.137.161.186 - - [19/Mar/2012:22:56:22 -0700] "GET //myadmin/index.php HTTP/1.1" 404 881 "" ""
78.137.161.186 - - [19/Mar/2012:22:56:22 -0700] "GET //mysql/index.php HTTP/1.1" 404 881 "" ""
78.137.161.186 - - [19/Mar/2012:22:56:23 -0700] "GET //mysqladmin/index.php HTTP/1.1" 404 881 "" ""
78.137.161.186 - - [19/Mar/2012:22:56:23 -0700] "GET //typo3/phpmyadmin/index.php HTTP/1.1" 404 881 "" ""
78.137.161.186 - - [19/Mar/2012:22:56:23 -0700] "GET //phpadmin/index.php HTTP/1.1" 404 881 "" ""
78.137.161.186 - - [19/Mar/2012:22:56:24 -0700] "GET //phpMyAdmin/index.php HTTP/1.1" 404 881 "" ""
78.137.161.186 - - [19/Mar/2012:22:56:24 -0700] "GET //phpmyadmin/index.php HTTP/1.1" 404 881 "" ""
78.137.161.186 - - [19/Mar/2012:22:56:24 -0700] "GET //phpmyadmin1/index.php HTTP/1.1" 404 881 "" ""
78.137.161.186 - - [19/Mar/2012:22:56:25 -0700] "GET //phpmyadmin2/index.php HTTP/1.1" 404 881 "" ""
78.137.161.186 - - [19/Mar/2012:22:56:25 -0700] "GET //pma/index.php HTTP/1.1" 404 881 "" ""
78.137.161.186 - - [19/Mar/2012:22:56:25 -0700] "GET //web/phpMyAdmin/index.php HTTP/1.1" 404 881 "" ""
78.137.161.186 - - [19/Mar/2012:22:56:26 -0700] "GET //xampp/phpmyadmin/index.php HTTP/1.1" 404 881 "" ""
78.137.161.186 - - [19/Mar/2012:22:56:26 -0700] "GET //web/index.php HTTP/1.1" 404 881 "" ""
78.137.161.186 - - [19/Mar/2012:22:56:27 -0700] "GET //php-my-admin/index.php HTTP/1.1" 404 881 "" ""
78.137.161.186 - - [19/Mar/2012:22:56:27 -0700] "GET //websql/index.php HTTP/1.1" 404 881 "" ""
78.137.161.186 - - [19/Mar/2012:22:56:27 -0700] "GET //phpmyadmin/index.php HTTP/1.1" 404 881 "" ""
78.137.161.186 - - [19/Mar/2012:22:56:28 -0700] "GET //phpMyAdmin/index.php HTTP/1.1" 404 881 "" ""
78.137.161.186 - - [19/Mar/2012:22:56:28 -0700] "GET //phpMyAdmin-2/index.php HTTP/1.1" 404 881 "" ""
78.137.161.186 - - [19/Mar/2012:22:56:28 -0700] "GET //php-my-admin/index.php HTTP/1.1" 404 881 "" ""
78.137.161.186 - - [19/Mar/2012:22:56:29 -0700] "GET //phpMyAdmin-2.2.3/index.php HTTP/1.1" 404 881 "" ""
78.137.161.186 - - [19/Mar/2012:22:56:29 -0700] "GET //phpMyAdmin-2.2.6/index.php HTTP/1.1" 404 881 "" ""
78.137.161.186 - - [19/Mar/2012:22:56:29 -0700] "GET //phpMyAdmin-2.5.1/index.php HTTP/1.1" 404 881 "" ""
78.137.161.186 - - [19/Mar/2012:22:56:30 -0700] "GET //phpMyAdmin-2.5.4/index.php HTTP/1.1" 404 881 "" ""
78.137.161.186 - - [19/Mar/2012:22:56:30 -0700] "GET //phpMyAdmin-2.5.5-rc1/index.php HTTP/1.1" 404 881 "" ""
78.137.161.186 - - [19/Mar/2012:22:56:30 -0700] "GET //phpMyAdmin-2.5.5-rc2/index.php HTTP/1.1" 404 881 "" ""
78.137.161.186 - - [19/Mar/2012:22:56:31 -0700] "GET //phpMyAdmin-2.5.5/index.php HTTP/1.1" 404 881 "" ""
78.137.161.186 - - [19/Mar/2012:22:56:31 -0700] "GET //phpMyAdmin-2.5.5-pl1/index.php HTTP/1.1" 404 881 "" ""
78.137.161.186 - - [19/Mar/2012:22:56:31 -0700] "GET //phpMyAdmin-2.5.6-rc1/index.php HTTP/1.1" 404 881 "" ""
78.137.161.186 - - [19/Mar/2012:22:56:32 -0700] "GET //phpMyAdmin-2.5.6-rc2/index.php HTTP/1.1" 404 881 "" ""
78.137.161.186 - - [19/Mar/2012:22:56:32 -0700] "GET //phpMyAdmin-2.5.6/index.php HTTP/1.1" 404 881 "" ""
78.137.161.186 - - [19/Mar/2012:22:56:32 -0700] "GET //phpMyAdmin-2.5.7/index.php HTTP/1.1" 404 881 "" ""
78.137.161.186 - - [19/Mar/2012:22:56:33 -0700] "GET //phpMyAdmin-2.5.7-pl1/index.php HTTP/1.1" 404 881 "" ""
180.76.5.190 - - [19/Mar/2012:23:23:20 -0700] "GET / HTTP/1.1" 200 7618 "-" "Mozilla/5.0 (compatible; Baiduspider/2.0; +http://www.baidu.com/search/spider.html)"
220.181.108.166 - - [20/Mar/2012:03:57:02 -0700] "GET / HTTP/1.1" 200 3647 "-" "Mozilla/5.0 (compatible; Baiduspider/2.0; +http://www.baidu.com/search/spider.html)"
69.58.178.56 - - [20/Mar/2012:04:24:03 -0700] "GET /robots.txt HTTP/1.1" 200 448 "-" "Mozilla/5.0 (X11; U; Linux i686; en-US; rv:1.9.2.24; ips-agent) Gecko/20111107 Ubuntu/10.04 (lucid) Firefox/3.6.24"
69.58.178.56 - - [20/Mar/2012:04:24:04 -0700] "GET / HTTP/1.1" 200 7599 "-" "Mozilla/5.0 (X11; U; Linux i686; en-US; rv:1.9.2.24; ips-agent) Gecko/20111107 Ubuntu/10.04 (lucid) Firefox/3.6.24"
69.58.178.56 - - [20/Mar/2012:04:24:09 -0700] "GET / HTTP/1.1" 200 7597 "-" "BlackBerry9630/5.0.0.732 Profile/MIDP-2.1 Configuration/CLDC-1.1 VendorID/102 ips-agent"
50.28.34.204 - - [20/Mar/2012:08:33:45 -0700] "GET / HTTP/1.0" 200 7618 "" ""
50.28.34.204 - - [20/Mar/2012:08:33:49 -0700] "GET / HTTP/1.1" 200 7598 "" ""
50.28.34.204 - - [20/Mar/2012:08:33:49 -0700] "GET / HTTP/1.1" 200 7597 "" ""
50.28.34.204 - - [20/Mar/2012:08:33:50 -0700] "GET / HTTP/1.0" 200 7616 "" ""
80.86.90.87 - - [20/Mar/2012:09:14:47 -0700] "GET / HTTP/1.1" 200 3647 "-" "Mozilla/4.0 (compatible; MSIE 6.0; Windows 98; Win 9x4.90)"
188.138.121.24 - - [20/Mar/2012:09:15:41 -0700] "GET / HTTP/1.1" 200 3645 "-" "Mozilla/4.0 (compatible; MSIE 6.0; Windows 98; Win 9x4.90)"
188.186.72.157 - - [20/Mar/2012:13:19:50 -0700] "GET /administrator/index.php HTTP/1.0" 404 1264 "-" "Mozilla/5.0 (Windows; U; Windows NT 5.1; ru; rv:1.9.2.3) Gecko/20100401 Firefox/3.6.3"
207.46.13.212 - - [20/Mar/2012:14:15:14 -0700] "GET /robots.txt HTTP/1.1" 200 504 "-" "Mozilla/5.0 (compatible; bingbot/2.0; +http://www.bing.com/bingbot.htm)"
62.212.73.211 - - [20/Mar/2012:20:47:07 -0700] "GET /robots.txt HTTP/1.0" 200 467 "-" "Mozilla/5.0 (compatible; MJ12bot/v1.4.2; http://www.majestic12.co.uk/bot.php?+)"
62.212.73.211 - - [20/Mar/2012:20:47:11 -0700] "GET /robots.txt HTTP/1.0" 200 467 "-" "Mozilla/5.0 (compatible; MJ12bot/v1.4.2; http://www.majestic12.co.uk/bot.php?+)"
62.212.73.211 - - [20/Mar/2012:20:47:09 -0700] "GET / HTTP/1.0" 200 3647 "-" "Mozilla/5.0 (compatible; MJ12bot/v1.4.2; http://www.majestic12.co.uk/bot.php?+)"
62.212.73.211 - - [20/Mar/2012:20:47:16 -0700] "GET / HTTP/1.0" 200 7617 "-" "Mozilla/5.0 (compatible; MJ12bot/v1.4.2; http://www.majestic12.co.uk/bot.php?+)"
123.125.71.94 - - [20/Mar/2012:22:27:59 -0700] "GET /robots.txt HTTP/1.1" 200 454 "-" "Mozilla/5.0 (compatible; Baiduspider/2.0; +http://www.baidu.com/search/spider.html)"
207.46.195.107 - - [20/Mar/2012:22:41:51 -0700] "GET /robots.txt HTTP/1.1" 200 504 "-" "Mozilla/5.0 (compatible; bingbot/2.0; +http://www.bing.com/bingbot.htm)"
188.165.243.118 - - [16/Mar/2012:05:49:49 -0700] "GET / HTTP/1.1" 200 7599 "-" "Mozilla/4.0 (compatible; MSIE 8.0; Windows NT 6.1; Trident/4.0)"
220.181.108.79 - - [16/Mar/2012:06:21:58 -0700] "GET / HTTP/1.1" 200 3647 "-" "Mozilla/5.0 (compatible; Baiduspider/2.0; +http://www.baidu.com/search/spider.html)"
207.46.199.37 - - [16/Mar/2012:07:30:03 -0700] "GET /robots.txt HTTP/1.1" 200 504 "-" "Mozilla/5.0 (compatible; bingbot/2.0; +http://www.bing.com/bingbot.htm)"
123.125.71.51 - - [16/Mar/2012:07:57:25 -0700] "GET /robots.txt HTTP/1.1" 200 454 "-" "Mozilla/5.0 (compatible; Baiduspider/2.0; +http://www.baidu.com/search/spider.html)"
123.125.71.70 - - [16/Mar/2012:07:57:48 -0700] "GET /robots.txt HTTP/1.1" 200 454 "-" "Mozilla/5.0 (compatible; Baiduspider/2.0; +http://www.baidu.com/search/spider.html)"
180.76.6.28 - - [16/Mar/2012:08:10:18 -0700] "GET /robots.txt HTTP/1.1" 200 454 "-" "Baiduspider+(+http://www.baidu.com/search/spider.htm)"
123.125.71.24 - - [16/Mar/2012:08:20:56 -0700] "GET / HTTP/1.1" 200 7618 "-" "Mozilla/5.0 (compatible; Baiduspider/2.0; +http://www.baidu.com/search/spider.html)"
220.181.108.84 - - [16/Mar/2012:08:21:05 -0700] "GET / HTTP/1.1" 200 7616 "-" "Mozilla/5.0 (compatible; Baiduspider/2.0; +http://www.baidu.com/search/spider.html)"
180.76.5.110 - - [16/Mar/2012:17:31:44 -0700] "GET / HTTP/1.1" 200 7618 "-" "Mozilla/5.0 (compatible; Baiduspider/2.0; +http://www.baidu.com/search/spider.html)"
95.108.150.235 - - [17/Mar/2012:00:31:05 -0700] "GET /robots.txt HTTP/1.1" 200 504 "-" "Mozilla/5.0 (compatible; YandexBot/3.0; +http://yandex.com/bots)"
95.108.150.235 - - [17/Mar/2012:00:31:06 -0700] "GET / HTTP/1.1" 200 3683 "-" "Mozilla/5.0 (compatible; YandexBot/3.0; +http://yandex.com/bots)"
95.108.150.235 - - [17/Mar/2012:00:31:09 -0700] "GET / HTTP/1.1" 200 3681 "-" "Mozilla/5.0 (compatible; YandexBot/3.0; +http://yandex.com/bots)"
180.76.5.55 - - [17/Mar/2012:00:52:50 -0700] "GET / HTTP/1.1" 200 3647 "-" "Mozilla/5.0 (compatible; Baiduspider/2.0; +http://www.baidu.com/search/spider.html)"
95.108.150.235 - - [17/Mar/2012:03:27:41 -0700] "GET /robots.txt HTTP/1.1" 200 504 "-" "Mozilla/5.0 (compatible; YandexBot/3.0; +http://yandex.com/bots)"
95.108.150.235 - - [17/Mar/2012:03:27:41 -0700] "GET /robots.txt HTTP/1.1" 200 504 "-" "Mozilla/5.0 (compatible; YandexBot/3.0; +http://yandex.com/bots)"
95.108.150.235 - - [17/Mar/2012:03:27:42 -0700] "GET / HTTP/1.1" 200 3683 "-" "Mozilla/5.0 (compatible; YandexBot/3.0; +http://yandex.com/bots)"
95.108.150.235 - - [17/Mar/2012:03:27:45 -0700] "GET / HTTP/1.1" 200 3681 "-" "Mozilla/5.0 (compatible; YandexBot/3.0; +http://yandex.com/bots)"
95.108.150.235 - - [17/Mar/2012:03:27:42 -0700] "GET / HTTP/1.1" 200 3683 "-" "Mozilla/5.0 (compatible; YandexBot/3.0; +http://yandex.com/bots)"
95.108.150.235 - - [17/Mar/2012:03:27:46 -0700] "GET / HTTP/1.1" 200 3681 "-" "Mozilla/5.0 (compatible; YandexBot/3.0; +http://yandex.com/bots)"
188.138.113.146 - - [17/Mar/2012:04:57:08 -0700] "HEAD /admin/FCKeditor/editor/images/anchor.gif HTTP/1.0" 404 317 "-" "Mozilla/5.0 (Windows; U; MSIE 9.0; Windows NT 9.0; en-US)"
180.76.6.21 - - [17/Mar/2012:05:23:47 -0700] "GET / HTTP/1.1" 200 7618 "-" "Mozilla/5.0 (compatible; Baiduspider/2.0; +http://www.baidu.com/search/spider.html)"
180.76.5.188 - - [17/Mar/2012:05:46:54 -0700] "GET /robots.txt HTTP/1.1" 200 454 "-" "Baiduspider+(+http://www.baidu.com/search/spider.htm)"
180.76.6.224 - - [17/Mar/2012:05:46:59 -0700] "GET /robots.txt HTTP/1.1" 200 454 "-" "Baiduspider+(+http://www.baidu.com/search/spider.htm)"
123.125.71.83 - - [17/Mar/2012:06:07:56 -0700] "GET /robots.txt HTTP/1.1" 200 454 "-" "Mozilla/5.0 (compatible; Baiduspider/2.0; +http://www.baidu.com/search/spider.html)"
123.125.71.20 - - [17/Mar/2012:07:18:15 -0700] "GET / HTTP/1.1" 200 7618 "-" "Mozilla/5.0 (compatible; Baiduspider/2.0; +http://www.baidu.com/search/spider.html)"
220.181.108.97 - - [17/Mar/2012:07:18:19 -0700] "GET / HTTP/1.1" 200 7616 "-" "Mozilla/5.0 (compatible; Baiduspider/2.0; +http://www.baidu.com/search/spider.html)"
65.74.178.254 - - [17/Mar/2012:07:43:04 -0700] "GET / HTTP/1.1" 200 7599 "-" "Mozilla/5.0 (X11; Linux i686) AppleWebKit/535.7 (KHTML, like Gecko) Chrome/16.0.912.77 Safari/535.7"
180.76.6.231 - - [17/Mar/2012:10:49:31 -0700] "GET / HTTP/1.1" 200 3647 "-" "Mozilla/5.0 (compatible; Baiduspider/2.0; +http://www.baidu.com/search/spider.html)"
80.245.118.134 - - [17/Mar/2012:11:00:53 -0700] "HEAD / HTTP/1.1" 200 504 "http://www.mixdl.com" "-"
180.76.5.150 - - [17/Mar/2012:16:49:04 -0700] "GET / HTTP/1.1" 200 3647 "-" "Mozilla/5.0 (compatible; Baiduspider/2.0; +http://www.baidu.com/search/spider.html)"
123.125.71.16 - - [18/Mar/2012:01:20:19 -0700] "GET / HTTP/1.1" 200 7618 "-" "Mozilla/5.0 (compatible; Baiduspider/2.0; +http://www.baidu.com/search/spider.html)"
220.181.108.87 - - [18/Mar/2012:01:20:23 -0700] "GET / HTTP/1.1" 200 7616 "-" "Mozilla/5.0 (compatible; Baiduspider/2.0; +http://www.baidu.com/search/spider.html)"
220.181.108.148 - - [18/Mar/2012:02:40:53 -0700] "GET / HTTP/1.1" 200 3647 "-" "Mozilla/5.0 (compatible; Baiduspider/2.0; +http://www.baidu.com/search/spider.html)"
123.125.71.89 - - [18/Mar/2012:13:46:57 -0700] "GET /robots.txt HTTP/1.1" 200 454 "-" "Mozilla/5.0 (compatible; Baiduspider/2.0; +http://www.baidu.com/search/spider.html)"
123.125.71.101 - - [18/Mar/2012:13:47:19 -0700] "GET /robots.txt HTTP/1.1" 200 454 "-" "Mozilla/5.0 (compatible; Baiduspider/2.0; +http://www.baidu.com/search/spider.html)"
180.76.6.213 - - [18/Mar/2012:15:21:25 -0700] "GET / HTTP/1.1" 200 7618 "-" "Mozilla/5.0 (compatible; Baiduspider/2.0; +http://www.baidu.com/search/spider.html)"
100.43.83.138 - - [18/Mar/2012:16:46:40 -0700] "GET /robots.txt HTTP/1.1" 200 504 "-" "Mozilla/5.0 (compatible; YandexBot/3.0; +http://yandex.com/bots)"
100.43.83.138 - - [18/Mar/2012:19:12:57 -0700] "GET / HTTP/1.1" 200 3684 "-" "Mozilla/5.0 (compatible; YandexBot/3.0; +http://yandex.com/bots)"
207.46.199.16 - - [18/Mar/2012:23:37:06 -0700] "GET / HTTP/1.1" 200 3684 "-" "Mozilla/4.0 (compatible; MSIE 7.0; Windows NT 5.1; SLCC1; .NET CLR 1.1.4325; .NET CLR 2.0.40607; .NET CLR 3.0.04506.648)"
182.68.102.246 - - [18/Mar/2012:23:56:07 -0700] "GET / HTTP/1.1" 200 7655 "" ""
123.125.71.45 - - [19/Mar/2012:01:57:43 -0700] "GET /robots.txt HTTP/1.1" 200 454 "-" "Mozilla/5.0 (compatible; Baiduspider/2.0; +http://www.baidu.com/search/spider.html)"
95.108.150.235 - - [19/Mar/2012:02:51:49 -0700] "GET /robots.txt HTTP/1.1" 200 504 "-" "Mozilla/5.0 (compatible; YandexBot/3.0; +http://yandex.com/bots)"
95.108.150.235 - - [19/Mar/2012:02:51:50 -0700] "GET / HTTP/1.1" 200 3683 "-" "Mozilla/5.0 (compatible; YandexBot/3.0; +http://yandex.com/bots)"
95.108.150.235 - - [19/Mar/2012:02:51:54 -0700] "GET / HTTP/1.1" 200 3681 "-" "Mozilla/5.0 (compatible; YandexBot/3.0; +http://yandex.com/bots)"
95.108.150.235 - - [19/Mar/2012:06:04:35 -0700] "GET /robots.txt HTTP/1.1" 200 504 "-" "Mozilla/5.0 (compatible; YandexBot/3.0; +http://yandex.com/bots)"
95.108.150.235 - - [19/Mar/2012:06:04:34 -0700] "GET /robots.txt HTTP/1.1" 200 504 "-" "Mozilla/5.0 (compatible; YandexBot/3.0; +http://yandex.com/bots)"
95.108.150.235 - - [19/Mar/2012:06:04:35 -0700] "GET / HTTP/1.1" 200 3683 "-" "Mozilla/5.0 (compatible; YandexBot/3.0; +http://yandex.com/bots)"
95.108.150.235 - - [19/Mar/2012:06:04:39 -0700] "GET / HTTP/1.1" 200 3681 "-" "Mozilla/5.0 (compatible; YandexBot/3.0; +http://yandex.com/bots)"
95.108.150.235 - - [19/Mar/2012:06:04:35 -0700] "GET / HTTP/1.1" 200 3683 "-" "Mozilla/5.0 (compatible; YandexBot/3.0; +http://yandex.com/bots)"
95.108.150.235 - - [19/Mar/2012:06:04:40 -0700] "GET / HTTP/1.1" 200 3681 "-" "Mozilla/5.0 (compatible; YandexBot/3.0; +http://yandex.com/bots)"
69.53.237.65 - - [19/Mar/2012:11:01:16 -0700] "GET / HTTP/1.1" 200 3684 "-" "Mozilla/5.0 (Macintosh; Intel Mac OS X 10.7; rv:10.0.2) Gecko/20100101 Firefox/10.0.2"
69.53.237.65 - - [19/Mar/2012:11:01:19 -0700] "GET /favicon.ico HTTP/1.1" 200 275 "-" "Mozilla/5.0 (Macintosh; Intel Mac OS X 10.7; rv:10.0.2) Gecko/20100101 Firefox/10.0.2"
123.125.71.85 - - [19/Mar/2012:12:01:53 -0700] "GET /robots.txt HTTP/1.1" 200 454 "-" "Mozilla/5.0 (compatible; Baiduspider/2.0; +http://www.baidu.com/search/spider.html)"
180.76.5.173 - - [19/Mar/2012:16:53:19 -0700] "GET / HTTP/1.1" 200 3647 "-" "Mozilla/5.0 (compatible; Baiduspider/2.0; +http://www.baidu.com/search/spider.html)"
78.137.161.186 - - [19/Mar/2012:22:56:17 -0700] "GET /muieblackcat HTTP/1.1" 404 881 "" ""
78.137.161.186 - - [19/Mar/2012:22:56:20 -0700] "GET //index.php HTTP/1.1" 404 881 "" ""
78.137.161.186 - - [19/Mar/2012:22:56:20 -0700] "GET //admin/index.php HTTP/1.1" 404 881 "" ""
78.137.161.186 - - [19/Mar/2012:22:56:20 -0700] "GET //admin/pma/index.php HTTP/1.1" 302 731 "" ""
78.137.161.186 - - [19/Mar/2012:22:56:21 -0700] "GET //admin/phpmyadmin/index.php HTTP/1.1" 302 729 "" ""
78.137.161.186 - - [19/Mar/2012:22:56:21 -0700] "GET //db/index.php HTTP/1.1" 404 881 "" ""
78.137.161.186 - - [19/Mar/2012:22:56:22 -0700] "GET //dbadmin/index.php HTTP/1.1" 404 881 "" ""
78.137.161.186 - - [19/Mar/2012:22:56:22 -0700] "GET //myadmin/index.php HTTP/1.1" 404 881 "" ""
78.137.161.186 - - [19/Mar/2012:22:56:22 -0700] "GET //mysql/index.php HTTP/1.1" 404 881 "" ""
78.137.161.186 - - [19/Mar/2012:22:56:23 -0700] "GET //mysqladmin/index.php HTTP/1.1" 404 881 "" ""
78.137.161.186 - - [19/Mar/2012:22:56:23 -0700] "GET //typo3/phpmyadmin/index.php HTTP/1.1" 404 881 "" ""
78.137.161.186 - - [19/Mar/2012:22:56:23 -0700] "GET //phpadmin/index.php HTTP/1.1" 404 881 "" ""
78.137.161.186 - - [19/Mar/2012:22:56:24 -0700] "GET //phpMyAdmin/index.php HTTP/1.1" 404 881 "" ""
78.137.161.186 - - [19/Mar/2012:22:56:24 -0700] "GET //phpmyadmin/index.php HTTP/1.1" 404 881 "" ""
78.137.161.186 - - [19/Mar/2012:22:56:24 -0700] "GET //phpmyadmin1/index.php HTTP/1.1" 404 881 "" ""
78.137.161.186 - - [19/Mar/2012:22:56:25 -0700] "GET //phpmyadmin2/index.php HTTP/1.1" 404 881 "" ""
95.108.150.235 - - [19/Mar/2012:02:51:50 -0700] "GET / HTTP/1.1" 200 3683 "-" "Mozilla/5.0 (compatible; YandexBot/3.0; +http://yandex.com/bots)"
95.108.150.235 - - [19/Mar/2012:02:51:54 -0700] "GET / HTTP/1.1" 200 3681 "-" "Mozilla/5.0 (compatible; YandexBot/3.0; +http://yandex.com/bots)"
95.108.150.235 - - [19/Mar/2012:06:04:35 -0700] "GET /robots.txt HTTP/1.1" 200 504 "-" "Mozilla/5.0 (compatible; YandexBot/3.0; +http://yandex.com/bots)"
95.108.150.235 - - [19/Mar/2012:06:04:34 -0700] "GET /robots.txt HTTP/1.1" 200 504 "-" "Mozilla/5.0 (compatible; YandexBot/3.0; +http://yandex.com/bots)"
95.108.150.235 - - [19/Mar/2012:06:04:35 -0700] "GET / HTTP/1.1" 200 3683 "-" "Mozilla/5.0 (compatible; YandexBot/3.0; +http://yandex.com/bots)"
95.108.150.235 - - [19/Mar/2012:06:04:39 -0700] "GET / HTTP/1.1" 200 3681 "-" "Mozilla/5.0 (compatible; YandexBot/3.0; +http://yandex.com/bots)"
95.108.150.235 - - [19/Mar/2012:06:04:35 -0700] "GET / HTTP/1.1" 200 3683 "-" "Mozilla/5.0 (compatible; YandexBot/3.0; +http://yandex.com/bots)"
95.108.150.235 - - [19/Mar/2012:06:04:40 -0700] "GET / HTTP/1.1" 200 3681 "-" "Mozilla/5.0 (compatible; YandexBot/3.0; +http://yandex.com/bots)"
69.53.237.65 - - [19/Mar/2012:11:01:16 -0700] "GET / HTTP/1.1" 200 3684 "-" "Mozilla/5.0 (Macintosh; Intel Mac OS X 10.7; rv:10.0.2) Gecko/20100101 Firefox/10.0.2"
69.53.237.65 - - [19/Mar/2012:11:01:19 -0700] "GET /favicon.ico HTTP/1.1" 200 275 "-" "Mozilla/5.0 (Macintosh; Intel Mac OS X 10.7; rv:10.0.2) Gecko/20100101 Firefox/10.0.2"
123.125.71.85 - - [19/Mar/2012:12:01:53 -0700] "GET /robots.txt HTTP/1.1" 200 454 "-" "Mozilla/5.0 (compatible; Baiduspider/2.0; +http://www.baidu.com/search/spider.html)"
180.76.5.173 - - [19/Mar/2012:16:53:19 -0700] "GET / HTTP/1.1" 200 3647 "-" "Mozilla/5.0 (compatible; Baiduspider/2.0; +http://www.baidu.com/search/spider.html)"
78.137.161.186 - - [19/Mar/2012:22:56:17 -0700] "GET /muieblackcat HTTP/1.1" 404 881 "" ""
78.137.161.186 - - [19/Mar/2012:22:56:20 -0700] "GET //index.php HTTP/1.1" 404 881 "" ""
78.137.161.186 - - [19/Mar/2012:22:56:20 -0700] "GET //admin/index.php HTTP/1.1" 404 881 "" ""
78.137.161.186 - - [19/Mar/2012:22:56:20 -0700] "GET //admin/pma/index.php HTTP/1.1" 302 731 "" ""
78.137.161.186 - - [19/Mar/2012:22:56:21 -0700] "GET //admin/phpmyadmin/index.php HTTP/1.1" 302 729 "" ""
78.137.161.186 - - [19/Mar/2012:22:56:21 -0700] "GET //db/index.php HTTP/1.1" 404 881 "" ""
78.137.161.186 - - [19/Mar/2012:22:56:22 -0700] "GET //dbadmin/index.php HTTP/1.1" 404 881 "" ""
78.137.161.186 - - [19/Mar/2012:22:56:22 -0700] "GET //myadmin/index.php HTTP/1.1" 404 881 "" ""
78.137.161.186 - - [19/Mar/2012:22:56:22 -0700] "GET //mysql/index.php HTTP/1.1" 404 881 "" ""
78.137.161.186 - - [19/Mar/2012:22:56:23 -0700] "GET //mysqladmin/index.php HTTP/1.1" 404 881 "" ""
78.137.161.186 - - [19/Mar/2012:22:56:23 -0700] "GET //typo3/phpmyadmin/index.php HTTP/1.1" 404 881 "" ""
78.137.161.186 - - [19/Mar/2012:22:56:23 -0700] "GET //phpadmin/index.php HTTP/1.1" 404 881 "" ""
78.137.161.186 - - [19/Mar/2012:22:56:24 -0700] "GET //phpMyAdmin/index.php HTTP/1.1" 404 881 "" ""
78.137.161.186 - - [19/Mar/2012:22:56:24 -0700] "GET //phpmyadmin/index.php HTTP/1.1" 404 881 "" ""
78.137.161.186 - - [19/Mar/2012:22:56:24 -0700] "GET //phpmyadmin1/index.php HTTP/1.1" 404 881 "" ""
78.137.161.186 - - [19/Mar/2012:22:56:25 -0700] "GET //phpmyadmin2/index.php HTTP/1.1" 404 881 "" ""
78.137.161.186 - - [19/Mar/2012:22:56:25 -0700] "GET //pma/index.php HTTP/1.1" 404 881 "" ""
78.137.161.186 - - [19/Mar/2012:22:56:25 -0700] "GET //web/phpMyAdmin/index.php HTTP/1.1" 404 881 "" ""
78.137.161.186 - - [19/Mar/2012:22:56:26 -0700] "GET //xampp/phpmyadmin/index.php HTTP/1.1" 404 881 "" ""
78.137.161.186 - - [19/Mar/2012:22:56:26 -0700] "GET //web/index.php HTTP/1.1" 404 881 "" ""
78.137.161.186 - - [19/Mar/2012:22:56:27 -0700] "GET //php-my-admin/index.php HTTP/1.1" 404 881 "" ""
78.137.161.186 - - [19/Mar/2012:22:56:27 -0700] "GET //websql/index.php HTTP/1.1" 404 881 "" ""
78.137.161.186 - - [19/Mar/2012:22:56:27 -0700] "GET //phpmyadmin/index.php HTTP/1.1" 404 881 "" ""
78.137.161.186 - - [19/Mar/2012:22:56:28 -0700] "GET //phpMyAdmin/index.php HTTP/1.1" 404 881 "" ""
78.137.161.186 - - [19/Mar/2012:22:56:28 -0700] "GET //phpMyAdmin-2/index.php HTTP/1.1" 404 881 "" ""
78.137.161.186 - - [19/Mar/2012:22:56:28 -0700] "GET //php-my-admin/index.php HTTP/1.1" 404 881 "" ""
78.137.161.186 - - [19/Mar/2012:22:56:29 -0700] "GET //phpMyAdmin-2.2.3/index.php HTTP/1.1" 404 881 "" ""
78.137.161.186 - - [19/Mar/2012:22:56:29 -0700] "GET //phpMyAdmin-2.2.6/index.php HTTP/1.1" 404 881 "" ""
78.137.161.186 - - [19/Mar/2012:22:56:29 -0700] "GET //phpMyAdmin-2.5.1/index.php HTTP/1.1" 404 881 "" ""
78.137.161.186 - - [19/Mar/2012:22:56:30 -0700] "GET //phpMyAdmin-2.5.4/index.php HTTP/1.1" 404 881 "" ""
78.137.161.186 - - [19/Mar/2012:22:56:30 -0700] "GET //phpMyAdmin-2.5.5-rc1/index.php HTTP/1.1" 404 881 "" ""
78.137.161.186 - - [19/Mar/2012:22:56:30 -0700] "GET //phpMyAdmin-2.5.5-rc2/index.php HTTP/1.1" 404 881 "" ""
78.137.161.186 - - [19/Mar/2012:22:56:31 -0700] "GET //phpMyAdmin-2.5.5/index.php HTTP/1.1" 404 881 "" ""
78.137.161.186 - - [19/Mar/2012:22:56:31 -0700] "GET //phpMyAdmin-2.5.5-pl1/index.php HTTP/1.1" 404 881 "" ""
78.137.161.186 - - [19/Mar/2012:22:56:31 -0700] "GET //phpMyAdmin-2.5.6-rc1/index.php HTTP/1.1" 404 881 "" ""
78.137.161.186 - - [19/Mar/2012:22:56:32 -0700] "GET //phpMyAdmin-2.5.6-rc2/index.php HTTP/1.1" 404 881 "" ""
78.137.161.186 - - [19/Mar/2012:22:56:32 -0700] "GET //phpMyAdmin-2.5.6/index.php HTTP/1.1" 404 881 "" ""
78.137.161.186 - - [19/Mar/2012:22:56:32 -0700] "GET //phpMyAdmin-2.5.7/index.php HTTP/1.1" 404 881 "" ""
78.137.161.186 - - [19/Mar/2012:22:56:33 -0700] "GET //phpMyAdmin-2.5.7-pl1/index.php HTTP/1.1" 404 881 "" ""
180.76.5.190 - - [19/Mar/2012:23:23:20 -0700] "GET / HTTP/1.1" 200 7618 "-" "Mozilla/5.0 (compatible; Baiduspider/2.0; +http://www.baidu.com/search/spider.html)"
220.181.108.166 - - [20/Mar/2012:03:57:02 -0700] "GET / HTTP/1.1" 200 3647 "-" "Mozilla/5.0 (compatible; Baiduspider/2.0; +http://www.baidu.com/search/spider.html)"
69.58.178.56 - - [20/Mar/2012:04:24:03 -0700] "GET /robots.txt HTTP/1.1" 200 448 "-" "Mozilla/5.0 (X11; U; Linux i686; en-US; rv:1.9.2.24; ips-agent) Gecko/20111107 Ubuntu/10.04 (lucid) Firefox/3.6.24"
69.58.178.56 - - [20/Mar/2012:04:24:04 -0700] "GET / HTTP/1.1" 200 7599 "-" "Mozilla/5.0 (X11; U; Linux i686; en-US; rv:1.9.2.24; ips-agent) Gecko/20111107 Ubuntu/10.04 (lucid) Firefox/3.6.24"
69.58.178.56 - - [20/Mar/2012:04:24:09 -0700] "GET / HTTP/1.1" 200 7597 "-" "BlackBerry9630/5.0.0.732 Profile/MIDP-2.1 Configuration/CLDC-1.1 VendorID/102 ips-agent"
50.28.34.204 - - [20/Mar/2012:08:33:45 -0700] "GET / HTTP/1.0" 200 7618 "" ""
50.28.34.204 - - [20/Mar/2012:08:33:49 -0700] "GET / HTTP/1.1" 200 7598 "" ""
50.28.34.204 - - [20/Mar/2012:08:33:49 -0700] "GET / HTTP/1.1" 200 7597 "" ""
50.28.34.204 - - [20/Mar/2012:08:33:50 -0700] "GET / HTTP/1.0" 200 7616 "" ""
80.86.90.87 - - [20/Mar/2012:09:14:47 -0700] "GET / HTTP/1.1" 200 3647 "-" "Mozilla/4.0 (compatible; MSIE 6.0; Windows 98; Win 9x4.90)"
188.138.121.24 - - [20/Mar/2012:09:15:41 -0700] "GET / HTTP/1.1" 200 3645 "-" "Mozilla/4.0 (compatible; MSIE 6.0; Windows 98; Win 9x4.90)"
188.186.72.157 - - [20/Mar/2012:13:19:50 -0700] "GET /administrator/index.php HTTP/1.0" 404 1264 "-" "Mozilla/5.0 (Windows; U; Windows NT 5.1; ru; rv:1.9.2.3) Gecko/20100401 Firefox/3.6.3"
207.46.13.212 - - [20/Mar/2012:14:15:14 -0700] "GET /robots.txt HTTP/1.1" 200 504 "-" "Mozilla/5.0 (compatible; bingbot/2.0; +http://www.bing.com/bingbot.htm)"
62.212.73.211 - - [20/Mar/2012:20:47:07 -0700] "GET /robots.txt HTTP/1.0" 200 467 "-" "Mozilla/5.0 (compatible; MJ12bot/v1.4.2; http://www.majestic12.co.uk/bot.php?+)"
62.212.73.211 - - [20/Mar/2012:20:47:11 -0700] "GET /robots.txt HTTP/1.0" 200 467 "-" "Mozilla/5.0 (compatible; MJ12bot/v1.4.2; http://www.majestic12.co.uk/bot.php?+)"
62.212.73.211 - - [20/Mar/2012:20:47:09 -0700] "GET / HTTP/1.0" 200 3647 "-" "Mozilla/5.0 (compatible; MJ12bot/v1.4.2; http://www.majestic12.co.uk/bot.php?+)"
62.212.73.211 - - [20/Mar/2012:20:47:16 -0700] "GET / HTTP/1.0" 200 7617 "-" "Mozilla/5.0 (compatible; MJ12bot/v1.4.2; http://www.majestic12.co.uk/bot.php?+)"
123.125.71.94 - - [20/Mar/2012:22:27:59 -0700] "GET /robots.txt HTTP/1.1" 200 454 "-" "Mozilla/5.0 (compatible; Baiduspider/2.0; +http://www.baidu.com/search/spider.html)"
207.46.195.107 - - [20/Mar/2012:22:41:51 -0700] "GET /robots.txt HTTP/1.1" 200 504 "-" "Mozilla/5.0 (compatible; bingbot/2.0; +http://www.bing.com/bingbot.htm)"
188.165.243.118 - - [16/Mar/2012:05:49:49 -0700] "GET / HTTP/1.1" 200 7599 "-" "Mozilla/4.0 (compatible; MSIE 8.0; Windows NT 6.1; Trident/4.0)"
220.181.108.79 - - [16/Mar/2012:06:21:58 -0700] "GET / HTTP/1.1" 200 3647 "-" "Mozilla/5.0 (compatible; Baiduspider/2.0; +http://www.baidu.com/search/spider.html)"
207.46.199.37 - - [16/Mar/2012:07:30:03 -0700] "GET /robots.txt HTTP/1.1" 200 504 "-" "Mozilla/5.0 (compatible; bingbot/2.0; +http://www.bing.com/bingbot.htm)"
123.125.71.51 - - [16/Mar/2012:07:57:25 -0700] "GET /robots.txt HTTP/1.1" 200 454 "-" "Mozilla/5.0 (compatible; Baiduspider/2.0; +http://www.baidu.com/search/spider.html)"
123.125.71.70 - - [16/Mar/2012:07:57:48 -0700] "GET /robots.txt HTTP/1.1" 200 454 "-" "Mozilla/5.0 (compatible; Baiduspider/2.0; +http://www.baidu.com/search/spider.html)"
180.76.6.28 - - [16/Mar/2012:08:10:18 -0700] "GET /robots.txt HTTP/1.1" 200 454 "-" "Baiduspider+(+http://www.baidu.com/search/spider.htm)"
123.125.71.24 - - [16/Mar/2012:08:20:56 -0700] "GET / HTTP/1.1" 200 7618 "-" "Mozilla/5.0 (compatible; Baiduspider/2.0; +http://www.baidu.com/search/spider.html)"
220.181.108.84 - - [16/Mar/2012:08:21:05 -0700] "GET / HTTP/1.1" 200 7616 "-" "Mozilla/5.0 (compatible; Baiduspider/2.0; +http://www.baidu.com/search/spider.html)"
180.76.5.110 - - [16/Mar/2012:17:31:44 -0700] "GET / HTTP/1.1" 200 7618 "-" "Mozilla/5.0 (compatible; Baiduspider/2.0; +http://www.baidu.com/search/spider.html)"
95.108.150.235 - - [17/Mar/2012:00:31:05 -0700] "GET /robots.txt HTTP/1.1" 200 504 "-" "Mozilla/5.0 (compatible; YandexBot/3.0; +http://yandex.com/bots)"
95.108.150.235 - - [17/Mar/2012:00:31:06 -0700] "GET / HTTP/1.1" 200 3683 "-" "Mozilla/5.0 (compatible; YandexBot/3.0; +http://yandex.com/bots)"
95.108.150.235 - - [17/Mar/2012:00:31:09 -0700] "GET / HTTP/1.1" 200 3681 "-" "Mozilla/5.0 (compatible; YandexBot/3.0; +http://yandex.com/bots)"
180.76.5.55 - - [17/Mar/2012:00:52:50 -0700] "GET / HTTP/1.1" 200 3647 "-" "Mozilla/5.0 (compatible; Baiduspider/2.0; +http://www.baidu.com/search/spider.html)"
95.108.150.235 - - [17/Mar/2012:03:27:41 -0700] "GET /robots.txt HTTP/1.1" 200 504 "-" "Mozilla/5.0 (compatible; YandexBot/3.0; +http://yandex.com/bots)"
95.108.150.235 - - [17/Mar/2012:03:27:41 -0700] "GET /robots.txt HTTP/1.1" 200 504 "-" "Mozilla/5.0 (compatible; YandexBot/3.0; +http://yandex.com/bots)"
95.108.150.235 - - [17/Mar/2012:03:27:42 -0700] "GET / HTTP/1.1" 200 3683 "-" "Mozilla/5.0 (compatible; YandexBot/3.0; +http://yandex.com/bots)"
95.108.150.235 - - [17/Mar/2012:03:27:45 -0700] "GET / HTTP/1.1" 200 3681 "-" "Mozilla/5.0 (compatible; YandexBot/3.0; +http://yandex.com/bots)"
95.108.150.235 - - [17/Mar/2012:03:27:42 -0700] "GET / HTTP/1.1" 200 3683 "-" "Mozilla/5.0 (compatible; YandexBot/3.0; +http://yandex.com/bots)"
95.108.150.235 - - [17/Mar/2012:03:27:46 -0700] "GET / HTTP/1.1" 200 3681 "-" "Mozilla/5.0 (compatible; YandexBot/3.0; +http://yandex.com/bots)"
188.138.113.146 - - [17/Mar/2012:04:57:08 -0700] "HEAD /admin/FCKeditor/editor/images/anchor.gif HTTP/1.0" 404 317 "-" "Mozilla/5.0 (Windows; U; MSIE 9.0; Windows NT 9.0; en-US)"
180.76.6.21 - - [17/Mar/2012:05:23:47 -0700] "GET / HTTP/1.1" 200 7618 "-" "Mozilla/5.0 (compatible; Baiduspider/2.0; +http://www.baidu.com/search/spider.html)"
180.76.5.188 - - [17/Mar/2012:05:46:54 -0700] "GET /robots.txt HTTP/1.1" 200 454 "-" "Baiduspider+(+http://www.baidu.com/search/spider.htm)"
180.76.6.224 - - [17/Mar/2012:05:46:59 -0700] "GET /robots.txt HTTP/1.1" 200 454 "-" "Baiduspider+(+http://www.baidu.com/search/spider.htm)"
123.125.71.83 - - [17/Mar/2012:06:07:56 -0700] "GET /robots.txt HTTP/1.1" 200 454 "-" "Mozilla/5.0 (compatible; Baiduspider/2.0; +http://www.baidu.com/search/spider.html)"
123.125.71.20 - - [17/Mar/2012:07:18:15 -0700] "GET / HTTP/1.1" 200 7618 "-" "Mozilla/5.0 (compatible; Baiduspider/2.0; +http://www.baidu.com/search/spider.html)"
220.181.108.97 - - [17/Mar/2012:07:18:19 -0700] "GET / HTTP/1.1" 200 7616 "-" "Mozilla/5.0 (compatible; Baiduspider/2.0; +http://www.baidu.com/search/spider.html)"
65.74.178.254 - - [17/Mar/2012:07:43:04 -0700] "GET / HTTP/1.1" 200 7599 "-" "Mozilla/5.0 (X11; Linux i686) AppleWebKit/535.7 (KHTML, like Gecko) Chrome/16.0.912.77 Safari/535.7"
180.76.6.231 - - [17/Mar/2012:10:49:31 -0700] "GET / HTTP/1.1" 200 3647 "-" "Mozilla/5.0 (compatible; Baiduspider/2.0; +http://www.baidu.com/search/spider.html)"
80.245.118.134 - - [17/Mar/2012:11:00:53 -0700] "HEAD / HTTP/1.1" 200 504 "http://www.mixdl.com" "-"
180.76.5.150 - - [17/Mar/2012:16:49:04 -0700] "GET / HTTP/1.1" 200 3647 "-" "Mozilla/5.0 (compatible; Baiduspider/2.0; +http://www.baidu.com/search/spider.html)"
123.125.71.16 - - [18/Mar/2012:01:20:19 -0700] "GET / HTTP/1.1" 200 7618 "-" "Mozilla/5.0 (compatible; Baiduspider/2.0; +http://www.baidu.com/search/spider.html)"
220.181.108.87 - - [18/Mar/2012:01:20:23 -0700] "GET / HTTP/1.1" 200 7616 "-" "Mozilla/5.0 (compatible; Baiduspider/2.0; +http://www.baidu.com/search/spider.html)"
220.181.108.148 - - [18/Mar/2012:02:40:53 -0700] "GET / HTTP/1.1" 200 3647 "-" "Mozilla/5.0 (compatible; Baiduspider/2.0; +http://www.baidu.com/search/spider.html)"
123.125.71.89 - - [18/Mar/2012:13:46:57 -0700] "GET /robots.txt HTTP/1.1" 200 454 "-" "Mozilla/5.0 (compatible; Baiduspider/2.0; +http://www.baidu.com/search/spider.html)"
123.125.71.101 - - [18/Mar/2012:13:47:19 -0700] "GET /robots.txt HTTP/1.1" 200 454 "-" "Mozilla/5.0 (compatible; Baiduspider/2.0; +http://www.baidu.com/search/spider.html)"
180.76.6.213 - - [18/Mar/2012:15:21:25 -0700] "GET / HTTP/1.1" 200 7618 "-" "Mozilla/5.0 (compatible; Baiduspider/2.0; +http://www.baidu.com/search/spider.html)"
100.43.83.138 - - [18/Mar/2012:16:46:40 -0700] "GET /robots.txt HTTP/1.1" 200 504 "-" "Mozilla/5.0 (compatible; YandexBot/3.0; +http://yandex.com/bots)"
100.43.83.138 - - [18/Mar/2012:19:12:57 -0700] "GET / HTTP/1.1" 200 3684 "-" "Mozilla/5.0 (compatible; YandexBot/3.0; +http://yandex.com/bots)"
207.46.199.16 - - [18/Mar/2012:23:37:06 -0700] "GET / HTTP/1.1" 200 3684 "-" "Mozilla/4.0 (compatible; MSIE 7.0; Windows NT 5.1; SLCC1; .NET CLR 1.1.4325; .NET CLR 2.0.40607; .NET CLR 3.0.04506.648)"
182.68.102.246 - - [18/Mar/2012:23:56:07 -0700] "GET / HTTP/1.1" 200 7655 "" ""
123.125.71.45 - - [19/Mar/2012:01:57:43 -0700] "GET /robots.txt HTTP/1.1" 200 454 "-" "Mozilla/5.0 (compatible; Baiduspider/2.0; +http://www.baidu.com/search/spider.html)"
95.108.150.235 - - [19/Mar/2012:02:51:49 -0700] "GET /robots.txt HTTP/1.1" 200 504 "-" "Mozilla/5.0 (compatible; YandexBot/3.0; +http://yandex.com/bots)"
95.108.150.235 - - [19/Mar/2012:02:51:50 -0700] "GET / HTTP/1.1" 200 3683 "-" "Mozilla/5.0 (compatible; YandexBot/3.0; +http://yandex.com/bots)"
95.108.150.235 - - [19/Mar/2012:02:51:54 -0700] "GET / HTTP/1.1" 200 3681 "-" "Mozilla/5.0 (compatible; YandexBot/3.0; +http://yandex.com/bots)"
95.108.150.235 - - [19/Mar/2012:06:04:35 -0700] "GET /robots.txt HTTP/1.1" 200 504 "-" "Mozilla/5.0 (compatible; YandexBot/3.0; +http://yandex.com/bots)"
95.108.150.235 - - [19/Mar/2012:06:04:34 -0700] "GET /robots.txt HTTP/1.1" 200 504 "-" "Mozilla/5.0 (compatible; YandexBot/3.0; +http://yandex.com/bots)"
95.108.150.235 - - [19/Mar/2012:06:04:35 -0700] "GET / HTTP/1.1" 200 3683 "-" "Mozilla/5.0 (compatible; YandexBot/3.0; +http://yandex.com/bots)"
95.108.150.235 - - [19/Mar/2012:06:04:39 -0700] "GET / HTTP/1.1" 200 3681 "-" "Mozilla/5.0 (compatible; YandexBot/3.0; +http://yandex.com/bots)"
95.108.150.235 - - [19/Mar/2012:06:04:35 -0700] "GET / HTTP/1.1" 200 3683 "-" "Mozilla/5.0 (compatible; YandexBot/3.0; +http://yandex.com/bots)"
95.108.150.235 - - [19/Mar/2012:06:04:40 -0700] "GET / HTTP/1.1" 200 3681 "-" "Mozilla/5.0 (compatible; YandexBot/3.0; +http://yandex.com/bots)"
69.53.237.65 - - [19/Mar/2012:11:01:16 -0700] "GET / HTTP/1.1" 200 3684 "-" "Mozilla/5.0 (Macintosh; Intel Mac OS X 10.7; rv:10.0.2) Gecko/20100101 Firefox/10.0.2"
69.53.237.65 - - [19/Mar/2012:11:01:19 -0700] "GET /favicon.ico HTTP/1.1" 200 275 "-" "Mozilla/5.0 (Macintosh; Intel Mac OS X 10.7; rv:10.0.2) Gecko/20100101 Firefox/10.0.2"
123.125.71.85 - - [19/Mar/2012:12:01:53 -0700] "GET /robots.txt HTTP/1.1" 200 454 "-" "Mozilla/5.0 (compatible; Baiduspider/2.0; +http://www.baidu.com/search/spider.html)"
180.76.5.173 - - [19/Mar/2012:16:53:19 -0700] "GET / HTTP/1.1" 200 3647 "-" "Mozilla/5.0 (compatible; Baiduspider/2.0; +http://www.baidu.com/search/spider.html)"
78.137.161.186 - - [19/Mar/2012:22:56:17 -0700] "GET /muieblackcat HTTP/1.1" 404 881 "" ""
78.137.161.186 - - [19/Mar/2012:22:56:20 -0700] "GET //index.php HTTP/1.1" 404 881 "" ""
78.137.161.186 - - [19/Mar/2012:22:56:20 -0700] "GET //admin/index.php HTTP/1.1" 404 881 "" ""
78.137.161.186 - - [19/Mar/2012:22:56:20 -0700] "GET //admin/pma/index.php HTTP/1.1" 302 731 "" ""
78.137.161.186 - - [19/Mar/2012:22:56:21 -0700] "GET //admin/phpmyadmin/index.php HTTP/1.1" 302 729 "" ""
78.137.161.186 - - [19/Mar/2012:22:56:21 -0700] "GET //db/index.php HTTP/1.1" 404 881 "" ""
78.137.161.186 - - [19/Mar/2012:22:56:22 -0700] "GET //dbadmin/index.php HTTP/1.1" 404 881 "" ""
78.137.161.186 - - [19/Mar/2012:22:56:22 -0700] "GET //myadmin/index.php HTTP/1.1" 404 881 "" ""
78.137.161.186 - - [19/Mar/2012:22:56:22 -0700] "GET //mysql/index.php HTTP/1.1" 404 881 "" ""
78.137.161.186 - - [19/Mar/2012:22:56:23 -0700] "GET //mysqladmin/index.php HTTP/1.1" 404 881 "" ""
78.137.161.186 - - [19/Mar/2012:22:56:23 -0700] "GET //typo3/phpmyadmin/index.php HTTP/1.1" 404 881 "" ""
78.137.161.186 - - [19/Mar/2012:22:56:23 -0700] "GET //phpadmin/index.php HTTP/1.1" 404 881 "" ""
78.137.161.186 - - [19/Mar/2012:22:56:24 -0700] "GET //phpMyAdmin/index.php HTTP/1.1" 404 881 "" ""
78.137.161.186 - - [19/Mar/2012:22:56:24 -0700] "GET //phpmyadmin/index.php HTTP/1.1" 404 881 "" ""
78.137.161.186 - - [19/Mar/2012:22:56:24 -0700] "GET //phpmyadmin1/index.php HTTP/1.1" 404 881 "" ""
78.137.161.186 - - [19/Mar/2012:22:56:25 -0700] "GET //phpmyadmin2/index.php HTTP/1.1" 404 881 "" ""
95.108.150.235 - - [19/Mar/2012:02:51:50 -0700] "GET / HTTP/1.1" 200 3683 "-" "Mozilla/5.0 (compatible; YandexBot/3.0; +http://yandex.com/bots)"
95.108.150.235 - - [19/Mar/2012:02:51:54 -0700] "GET / HTTP/1.1" 200 3681 "-" "Mozilla/5.0 (compatible; YandexBot/3.0; +http://yandex.com/bots)"
95.108.150.235 - - [19/Mar/2012:06:04:35 -0700] "GET /robots.txt HTTP/1.1" 200 504 "-" "Mozilla/5.0 (compatible; YandexBot/3.0; +http://yandex.com/bots)"
95.108.150.235 - - [19/Mar/2012:06:04:34 -0700] "GET /robots.txt HTTP/1.1" 200 504 "-" "Mozilla/5.0 (compatible; YandexBot/3.0; +http://yandex.com/bots)"
95.108.150.235 - - [19/Mar/2012:06:04:35 -0700] "GET / HTTP/1.1" 200 3683 "-" "Mozilla/5.0 (compatible; YandexBot/3.0; +http://yandex.com/bots)"
95.108.150.235 - - [19/Mar/2012:06:04:39 -0700] "GET / HTTP/1.1" 200 3681 "-" "Mozilla/5.0 (compatible; YandexBot/3.0; +http://yandex.com/bots)"
95.108.150.235 - - [19/Mar/2012:06:04:35 -0700] "GET / HTTP/1.1" 200 3683 "-" "Mozilla/5.0 (compatible; YandexBot/3.0; +http://yandex.com/bots)"
95.108.150.235 - - [19/Mar/2012:06:04:40 -0700] "GET / HTTP/1.1" 200 3681 "-" "Mozilla/5.0 (compatible; YandexBot/3.0; +http://yandex.com/bots)"
69.53.237.65 - - [19/Mar/2012:11:01:16 -0700] "GET / HTTP/1.1" 200 3684 "-" "Mozilla/5.0 (Macintosh; Intel Mac OS X 10.7; rv:10.0.2) Gecko/20100101 Firefox/10.0.2"
69.53.237.65 - - [19/Mar/2012:11:01:19 -0700] "GET /favicon.ico HTTP/1.1" 200 275 "-" "Mozilla/5.0 (Macintosh; Intel Mac OS X 10.7; rv:10.0.2) Gecko/20100101 Firefox/10.0.2"
123.125.71.85 - - [19/Mar/2012:12:01:53 -0700] "GET /robots.txt HTTP/1.1" 200 454 "-" "Mozilla/5.0 (compatible; Baiduspider/2.0; +http://www.baidu.com/search/spider.html)"
180.76.5.173 - - [19/Mar/2012:16:53:19 -0700] "GET / HTTP/1.1" 200 3647 "-" "Mozilla/5.0 (compatible; Baiduspider/2.0; +http://www.baidu.com/search/spider.html)"
78.137.161.186 - - [19/Mar/2012:22:56:17 -0700] "GET /muieblackcat HTTP/1.1" 404 881 "" ""
78.137.161.186 - - [19/Mar/2012:22:56:20 -0700] "GET //index.php HTTP/1.1" 404 881 "" ""
78.137.161.186 - - [19/Mar/2012:22:56:20 -0700] "GET //admin/index.php HTTP/1.1" 404 881 "" ""
78.137.161.186 - - [19/Mar/2012:22:56:20 -0700] "GET //admin/pma/index.php HTTP/1.1" 302 731 "" ""
78.137.161.186 - - [19/Mar/2012:22:56:21 -0700] "GET //admin/phpmyadmin/index.php HTTP/1.1" 302 729 "" ""
78.137.161.186 - - [19/Mar/2012:22:56:21 -0700] "GET //db/index.php HTTP/1.1" 404 881 "" ""
78.137.161.186 - - [19/Mar/2012:22:56:22 -0700] "GET //dbadmin/index.php HTTP/1.1" 404 881 "" ""
78.137.161.186 - - [19/Mar/2012:22:56:22 -0700] "GET //myadmin/index.php HTTP/1.1" 404 881 "" ""
78.137.161.186 - - [19/Mar/2012:22:56:22 -0700] "GET //mysql/index.php HTTP/1.1" 404 881 "" ""
78.137.161.186 - - [19/Mar/2012:22:56:23 -0700] "GET //mysqladmin/index.php HTTP/1.1" 404 881 "" ""
78.137.161.186 - - [19/Mar/2012:22:56:23 -0700] "GET //typo3/phpmyadmin/index.php HTTP/1.1" 404 881 "" ""
78.137.161.186 - - [19/Mar/2012:22:56:23 -0700] "GET //phpadmin/index.php HTTP/1.1" 404 881 "" ""
78.137.161.186 - - [19/Mar/2012:22:56:24 -0700] "GET //phpMyAdmin/index.php HTTP/1.1" 404 881 "" ""
78.137.161.186 - - [19/Mar/2012:22:56:24 -0700] "GET //phpmyadmin/index.php HTTP/1.1" 404 881 "" ""
78.137.161.186 - - [19/Mar/2012:22:56:24 -0700] "GET //phpmyadmin1/index.php HTTP/1.1" 404 881 "" ""
78.137.161.186 - - [19/Mar/2012:22:56:25 -0700] "GET //phpmyadmin2/index.php HTTP/1.1" 404 881 "" ""
78.137.161.186 - - [19/Mar/2012:22:56:25 -0700] "GET //pma/index.php HTTP/1.1" 404 881 "" ""
78.137.161.186 - - [19/Mar/2012:22:56:25 -0700] "GET //web/phpMyAdmin/index.php HTTP/1.1" 404 881 "" ""
78.137.161.186 - - [19/Mar/2012:22:56:26 -0700] "GET //xampp/phpmyadmin/index.php HTTP/1.1" 404 881 "" ""
78.137.161.186 - - [19/Mar/2012:22:56:26 -0700] "GET //web/index.php HTTP/1.1" 404 881 "" ""
78.137.161.186 - - [19/Mar/2012:22:56:27 -0700] "GET //php-my-admin/index.php HTTP/1.1" 404 881 "" ""
78.137.161.186 - - [19/Mar/2012:22:56:27 -0700] "GET //websql/index.php HTTP/1.1" 404 881 "" ""
78.137.161.186 - - [19/Mar/2012:22:56:27 -0700] "GET //phpmyadmin/index.php HTTP/1.1" 404 881 "" ""
78.137.161.186 - - [19/Mar/2012:22:56:28 -0700] "GET //phpMyAdmin/index.php HTTP/1.1" 404 881 "" ""
78.137.161.186 - - [19/Mar/2012:22:56:28 -0700] "GET //phpMyAdmin-2/index.php HTTP/1.1" 404 881 "" ""
78.137.161.186 - - [19/Mar/2012:22:56:28 -0700] "GET //php-my-admin/index.php HTTP/1.1" 404 881 "" ""
78.137.161.186 - - [19/Mar/2012:22:56:29 -0700] "GET //phpMyAdmin-2.2.3/index.php HTTP/1.1" 404 881 "" ""
78.137.161.186 - - [19/Mar/2012:22:56:29 -0700] "GET //phpMyAdmin-2.2.6/index.php HTTP/1.1" 404 881 "" ""
78.137.161.186 - - [19/Mar/2012:22:56:29 -0700] "GET //phpMyAdmin-2.5.1/index.php HTTP/1.1" 404 881 "" ""
78.137.161.186 - - [19/Mar/2012:22:56:30 -0700] "GET //phpMyAdmin-2.5.4/index.php HTTP/1.1" 404 881 "" ""
78.137.161.186 - - [19/Mar/2012:22:56:30 -0700] "GET //phpMyAdmin-2.5.5-rc1/index.php HTTP/1.1" 404 881 "" ""
78.137.161.186 - - [19/Mar/2012:22:56:30 -0700] "GET //phpMyAdmin-2.5.5-rc2/index.php HTTP/1.1" 404 881 "" ""
78.137.161.186 - - [19/Mar/2012:22:56:31 -0700] "GET //phpMyAdmin-2.5.5/index.php HTTP/1.1" 404 881 "" ""
78.137.161.186 - - [19/Mar/2012:22:56:31 -0700] "GET //phpMyAdmin-2.5.5-pl1/index.php HTTP/1.1" 404 881 "" ""
78.137.161.186 - - [19/Mar/2012:22:56:31 -0700] "GET //phpMyAdmin-2.5.6-rc1/index.php HTTP/1.1" 404 881 "" ""
78.137.161.186 - - [19/Mar/2012:22:56:32 -0700] "GET //phpMyAdmin-2.5.6-rc2/index.php HTTP/1.1" 404 881 "" ""
78.137.161.186 - - [19/Mar/2012:22:56:32 -0700] "GET //phpMyAdmin-2.5.6/index.php HTTP/1.1" 404 881 "" ""
78.137.161.186 - - [19/Mar/2012:22:56:32 -0700] "GET //phpMyAdmin-2.5.7/index.php HTTP/1.1" 404 881 "" ""
78.137.161.186 - - [19/Mar/2012:22:56:33 -0700] "GET //phpMyAdmin-2.5.7-pl1/index.php HTTP/1.1" 404 881 "" ""
180.76.5.190 - - [19/Mar/2012:23:23:20 -0700] "GET / HTTP/1.1" 200 7618 "-" "Mozilla/5.0 (compatible; Baiduspider/2.0; +http://www.baidu.com/search/spider.html)"
220.181.108.166 - - [20/Mar/2012:03:57:02 -0700] "GET / HTTP/1.1" 200 3647 "-" "Mozilla/5.0 (compatible; Baiduspider/2.0; +http://www.baidu.com/search/spider.html)"
69.58.178.56 - - [20/Mar/2012:04:24:03 -0700] "GET /robots.txt HTTP/1.1" 200 448 "-" "Mozilla/5.0 (X11; U; Linux i686; en-US; rv:1.9.2.24; ips-agent) Gecko/20111107 Ubuntu/10.04 (lucid) Firefox/3.6.24"
69.58.178.56 - - [20/Mar/2012:04:24:04 -0700] "GET / HTTP/1.1" 200 7599 "-" "Mozilla/5.0 (X11; U; Linux i686; en-US; rv:1.9.2.24; ips-agent) Gecko/20111107 Ubuntu/10.04 (lucid) Firefox/3.6.24"
69.58.178.56 - - [20/Mar/2012:04:24:09 -0700] "GET / HTTP/1.1" 200 7597 "-" "BlackBerry9630/5.0.0.732 Profile/MIDP-2.1 Configuration/CLDC-1.1 VendorID/102 ips-agent"
50.28.34.204 - - [20/Mar/2012:08:33:45 -0700] "GET / HTTP/1.0" 200 7618 "" ""
50.28.34.204 - - [20/Mar/2012:08:33:49 -0700] "GET / HTTP/1.1" 200 7598 "" ""
50.28.34.204 - - [20/Mar/2012:08:33:49 -0700] "GET / HTTP/1.1" 200 7597 "" ""
50.28.34.204 - - [20/Mar/2012:08:33:50 -0700] "GET / HTTP/1.0" 200 7616 "" ""
80.86.90.87 - - [20/Mar/2012:09:14:47 -0700] "GET / HTTP/1.1" 200 3647 "-" "Mozilla/4.0 (compatible; MSIE 6.0; Windows 98; Win 9x4.90)"
188.138.121.24 - - [20/Mar/2012:09:15:41 -0700] "GET / HTTP/1.1" 200 3645 "-" "Mozilla/4.0 (compatible; MSIE 6.0; Windows 98; Win 9x4.90)"
188.186.72.157 - - [20/Mar/2012:13:19:50 -0700] "GET /administrator/index.php HTTP/1.0" 404 1264 "-" "Mozilla/5.0 (Windows; U; Windows NT 5.1; ru; rv:1.9.2.3) Gecko/20100401 Firefox/3.6.3"
207.46.13.212 - - [20/Mar/2012:14:15:14 -0700] "GET /robots.txt HTTP/1.1" 200 504 "-" "Mozilla/5.0 (compatible; bingbot/2.0; +http://www.bing.com/bingbot.htm)"
62.212.73.211 - - [20/Mar/2012:20:47:07 -0700] "GET /robots.txt HTTP/1.0" 200 467 "-" "Mozilla/5.0 (compatible; MJ12bot/v1.4.2; http://www.majestic12.co.uk/bot.php?+)"
62.212.73.211 - - [20/Mar/2012:20:47:11 -0700] "GET /robots.txt HTTP/1.0" 200 467 "-" "Mozilla/5.0 (compatible; MJ12bot/v1.4.2; http://www.majestic12.co.uk/bot.php?+)"
62.212.73.211 - - [20/Mar/2012:20:47:09 -0700] "GET / HTTP/1.0" 200 3647 "-" "Mozilla/5.0 (compatible; MJ12bot/v1.4.2; http://www.majestic12.co.uk/bot.php?+)"
62.212.73.211 - - [20/Mar/2012:20:47:16 -0700] "GET / HTTP/1.0" 200 7617 "-" "Mozilla/5.0 (compatible; MJ12bot/v1.4.2; http://www.majestic12.co.uk/bot.php?+)"
123.125.71.94 - - [20/Mar/2012:22:27:59 -0700] "GET /robots.txt HTTP/1.1" 200 454 "-" "Mozilla/5.0 (compatible; Baiduspider/2.0; +http://www.baidu.com/search/spider.html)"
207.46.195.107 - - [20/Mar/2012:22:41:51 -0700] "GET /robots.txt HTTP/1.1" 200 504 "-" "Mozilla/5.0 (compatible; bingbot/2.0; +http://www.bing.com/bingbot.htm)"
188.165.243.118 - - [16/Mar/2012:05:49:49 -0700] "GET / HTTP/1.1" 200 7599 "-" "Mozilla/4.0 (compatible; MSIE 8.0; Windows NT 6.1; Trident/4.0)"
220.181.108.79 - - [16/Mar/2012:06:21:58 -0700] "GET / HTTP/1.1" 200 3647 "-" "Mozilla/5.0 (compatible; Baiduspider/2.0; +http://www.baidu.com/search/spider.html)"
207.46.199.37 - - [16/Mar/2012:07:30:03 -0700] "GET /robots.txt HTTP/1.1" 200 504 "-" "Mozilla/5.0 (compatible; bingbot/2.0; +http://www.bing.com/bingbot.htm)"
123.125.71.51 - - [16/Mar/2012:07:57:25 -0700] "GET /robots.txt HTTP/1.1" 200 454 "-" "Mozilla/5.0 (compatible; Baiduspider/2.0; +http://www.baidu.com/search/spider.html)"
123.125.71.70 - - [16/Mar/2012:07:57:48 -0700] "GET /robots.txt HTTP/1.1" 200 454 "-" "Mozilla/5.0 (compatible; Baiduspider/2.0; +http://www.baidu.com/search/spider.html)"
180.76.6.28 - - [16/Mar/2012:08:10:18 -0700] "GET /robots.txt HTTP/1.1" 200 454 "-" "Baiduspider+(+http://www.baidu.com/search/spider.htm)"
123.125.71.24 - - [16/Mar/2012:08:20:56 -0700] "GET / HTTP/1.1" 200 7618 "-" "Mozilla/5.0 (compatible; Baiduspider/2.0; +http://www.baidu.com/search/spider.html)"
220.181.108.84 - - [16/Mar/2012:08:21:05 -0700] "GET / HTTP/1.1" 200 7616 "-" "Mozilla/5.0 (compatible; Baiduspider/2.0; +http://www.baidu.com/search/spider.html)"
180.76.5.110 - - [16/Mar/2012:17:31:44 -0700] "GET / HTTP/1.1" 200 7618 "-" "Mozilla/5.0 (compatible; Baiduspider/2.0; +http://www.baidu.com/search/spider.html)"
95.108.150.235 - - [17/Mar/2012:00:31:05 -0700] "GET /robots.txt HTTP/1.1" 200 504 "-" "Mozilla/5.0 (compatible; YandexBot/3.0; +http://yandex.com/bots)"
95.108.150.235 - - [17/Mar/2012:00:31:06 -0700] "GET / HTTP/1.1" 200 3683 "-" "Mozilla/5.0 (compatible; YandexBot/3.0; +http://yandex.com/bots)"
95.108.150.235 - - [17/Mar/2012:00:31:09 -0700] "GET / HTTP/1.1" 200 3681 "-" "Mozilla/5.0 (compatible; YandexBot/3.0; +http://yandex.com/bots)"
